<송영준: 2025-12-30> 
기초적인 송수신을 처리하는 네트워크 라이브러리를 배우고, 구축하였다
세션 단위로 클라이언트를 관리하며
RecvBuffer, SendBuffer를 통해 송신/수신의 내용을 관리하고
sendEvent, recvEvent를 통해 전달받았다

<이현석: 2026-01-01>
모델, 애니메이션 파일을 읽어오는 기능 구현

<이현석: 2026-01-04>
파일로부터 텍스쳐매핑하도록 기능 구현

<이현석: 2026-01-27>
파일로부터 노멀매핑하도록 기능 구현

<이현석: 2026-01-31>
애니메이션 클립 전환/애니메이션 블렌딩 구현

<이현석: 2026-02-08>
Shader - Scene 역할 정리.

<이현석: 2026-02-10 ~ 19>
컴포넌트 구현 및 역할 이동

<김영규: 2026-02-14 ~ 27>
충돌체 컴포넌트 구현

<송영준: ~2026-02-23>
1. 서버코어 라이브러리 완성 후 프로젝트에 붙임

2. Common 디렉토리에 BaseComponent 프로젝트 생성
- 기본 컴포넌트 헤더, Transform, PlayerController 적용 후 서버에서 사용
-> PlayerController의 경우 충돌 위험 + 아직 클라이언트는 사용하지 않음
-> 클라이언트가 제대로 사용하고 있는지, 사용할 수 있는지 확인 필요

3. 연동을 위한 초기 패킷 생성
- StartGame의 경우 정확히 4번만 호출하여 호출 횟수를 누적
- 정원이 차게 될 경우 초기 패킷을 전송한다
-> 클라이언트가 초기 패킷을 받고 자신의 세상에 적용 후, 적용했음을 반환하는 과정 미구현

4. 클라이언트와 다른 게임 로직
- 컴포넌트 패턴을 그대로 붙일만한 환경이 못됨
-> 클라이언트의 코드는 그래픽 관련 요소로 인해 
서버가 가져올 경우 불필요한 빌드 지연이 발생함
-> 즉, 클라이언트에서 구현되어 있던 게임 월드를 "그대로" 옮겨오는 것은 좋은 방법이 아니다

- 그래서 서버는 역으로 컴포넌트 패턴의 유지보수가 번거로움
-> 컴포넌트들만으로 Object가 Player인지 다른 무엇인지를 결정짓는 기존의 패턴은
클라이언트와 거의 동일한 코드일 경우에나 초기에만 불편함이 따름
-> 클라이언트와 로직이 다른데도 같은 패턴을 고집하면
동기화만 역으로 애로사항이 생길 뿐더러
명확하게 코드로 식별이 안됨

** 서버의 경우 Player, Enemy등을 명확히 정의하되, 부분적으로만 컴포넌트 패턴을 쓸 예정
- 현재 이미 그러한 방향으로 진행중임

[앞으로 구현해야 할 것]
- 서버가 현재 마땅히 송수신 외에 굴릴만한 껀덕지가 별로 없음
-> 동기화 테스트의 경우 늦어도 24일 안에 테스트 진행이 가능할 예정\

- Collider의 경우 서버가  DirectXMath를 사용해도 되는 지가 불분명함
-> SIMD기반 연산이라...
-> 다른 방식을 생각해야 할 가능성(Collider를 새로 만들던지, 다른 라이브러리를 사용한다던지)

- Enemy 이동 로직 추가
-> 복잡한 NavMesh일지, Grid 기반일지는 몰라도
-> 명확히 9개의 스테이지 구역으로 분할하고, 각 구역에서 적이 위치를 추적할 수 있는 시스템 구축
-> 게임 시스템의 근간이 될 예정


<송영준 2026-02-26>
[구현한 것]
- 서버의 패킷 핸들링 구현 완료
-> 아직 테스트 결과는 분명하지 않음

<이현석 2026-02-08>
-UI(이미지) 그리기
-Scene 분리/Scene매니저 구현


<송영준  ~ 2026-03-03>
- 초기 정보 패킷 생성 및 전송 구현
- 필터 정리

<이현석 2026-03-04>
- 플레이어 구분을 없애고 m_skinnedObjects에 편입시킴
	이전: 로컬 플레이어 + 3개의 더미플레이어로 구성
	현재: 네명의 플레이어 중 빌드 과정에서 정해진 한명의 플레이어를 조종

<이현석 2026-03-06>
- 구매한 에셋 Bin 추출 후 적용(플레이어/중급 몬스터는 원본 Material 문제로 대기, 건물은 레벨디자인 이후 출력 예정)


<이현석 2026-03-07>
- 장신구 구현.
	무기, 헬멧 등이 오브젝트의 특정 Bone을 따라 움직일 수 있게 구현함.

<김영규: 2026-03-08>
충돌체 시스템 구현

<이현석 2026-03-11>
- 몬스터, 플레이어 모델 에셋 bin 추출 후 적용

<김영규: 2026-03-11 ~ 12>
- 바운딩 캡슐 정의

<이현석 2026-03-12>
- 플레이어 장비 기능 구현

<이현석 2026-03-13>
- 플레이어 애니메이션 구체화
	장비한 무기별 애니메이션 별도 실행

<송영준 ~2026-03-09>
- TickAdvance 구현
-> 프레임마다 서버가 수행해야 하는 일을 함수 형태로 정리
- 초기 정보 동기화
-> 클라이언트가 서버로부터 받은 초기 월드 정보를 수신하여 반영하도록 구현
- 위치 정보 동기화
-> FrameState 패킷을 통해 서버 틱 단위로 월드 정보를 갱신

<송영준 2026-03-10>
* 회전 동기화
- 위치 정보에 이어 회전 정보 역시 서버로부터 받아 적용하도록 구현

* Protocol 업데이트
- 애니메이션 동기화를 위해 프로토콜에 애니메이션 정보를 담을 수 있도록 변경
- 패킷 전송 시에 애니메이션이 시작되었던 당시의 서버의 Tick, 각 패킷이 전송된 시점에서의 서버 Tick을 담도록 변경
- Player와 Enemy가 애니메이션 정보를 가지고 있도록 변경


<송영준 2026-03-12>
* unitest 분리
- 클라이언트가 서버와의 연결 없이 작업할 수 있도록 영역을 분리하는 작업

* 애니메이션 동기화
- 이동/IDLE 상태를 서버로부터 받아 구현

<송영준 2026-03-14>
* Attack 동기화
- 공격 애니메이션도 동기화하였음

<이현석 2026-03-15>
- 복수 Material 소유 서브메시 처리
	Bin 추출 과정 변동(프로젝트 내 수정 X)

<김영규 2026-03-15>
- 충돌체 드로우(디버깅)

<이현석 2026-03-17>
- 유니티에서 생성한 월드 정보(건물 등 월드 오브젝트 생성위치) 읽어와 빌드 시 적용하도록 구현

<이현석 2026-03-18>
- 에셋 빌드 최적화
	에셋 생성/캐시 책임을 Scene에서 AssetManager로 이동
	CBV/SRV 디스크립터 힙을 Scene별 재생성 방식에서 전역 공유 방식으로 변경

<이현석 2026-03-19>
- 플레이어 에셋 상하체 분리 애니메이션 블렌딩
	활, 총을 사용하는 플레이어의 경우 이동 중 공격이 가능하게 수정.
	이때, 상체는 해당 무기의 공격 애니메이션, 하체는 이동 애니메이션이 실행됨

<김영규 2026-03-19>
- 방향성 조명 테스트
	쉐이더 조명과 에셋 색상 계산에 대한 오류 발견

<이현석 2026-03-20>
- 일시정지/비활성화 구현
	프로그램이 포커싱되어있지 않거나, 일시정지 상태면 마우스 이동 및 키 입력을 받지 않음
-UI 로직 변경
	기존은 화면 전체를 하나의 UI가 채우는 데모버전
	특정 위치에 일정 크기의 UI를 띄울 수 있게 변경함

<이현석 2026-03-21>
- 플레이어 구르기 애니메이션 로드 및 구현
	
<송영준 ~2026-03-22>
- 플레이어가 서로 다른 무기를 착용한 상태로 제각기 다른 애니메이션이 출력되도록 변경

-> 병합 과정에서 AnimController에 대한 충돌로 인하여 일시적으로 이쪽 변경사항을 무시하였음, 다시 구현해야 함

<송영준 2026-03-25>
1. 서버 로직 수정
-> 1~4명 인원수를 유동적으로 받을 수 있게 조정(미완성)

2. Roll, Run 애니메이션 동기화
->  Roll의 경우 버그 존재

[발견한 문제점]
1) 흔들리는 카메라
- 카메라가 플레이어 이동시에 계속 흔들림
-> 대상 객체에 대하여 이동할 때에만 이동하도록 수정해볼 필요성이 있음
-> stateCode는 isMove 플래그가 존재한다, 가능하다!

2) 구현되지 않는 상하체 블렌딩
- 코드를 통해 이동과  attack을 같이 받는데에는 성공했는데 상하체 블렌딩이 안됨
-> 람다로 만들어놓고 안써서 그런 것 같다

3) Roll 명령어를 눌렀는데 왜 attack을 하고 있는 거임
- Roll동작을 수행한 이후 다시 space를 누르면 attack 모션이 나간다 
-> (아직 원인 파악 못함)

4) 의문의 크래시
- 서버와 연결된 상태에서 클라이언트가 종료될 때 CoreGlobal의 종료 과정에서 Crash가 발생 중
-> 원인 파악 못함, 어쨋거나 종료 과정에서 나오는 오류라 상관이 없을 순 있으나 
정상적인 종료가 아닌 건 그리 좋은 상황이 아님
<이현석 2026-03-23>
- Material 확장
	bin 파일에서 Material의 emmision, ,tilling, specular 등을 가져와 적용하도록 수정

<이현석 2026-03-24>
- 몬스터용 애니메이션 컨트롤러 생성
	실제 상태머신은 서버에서 구현, 클라이언트에선 명령이 들어오면 해당 애니메이션을 수행함
- 중급 몬스터(활)이 공격 시 화살 발사하게 수정
- 플레이어가 총을 들었을 경우 공격 시 총알 발사 구현

<이현석 2026-03-26>
- 스키닝 오브젝트 드로우콜 인스턴싱
- 애니메이션클립 캐시화
- 걷기/달리기 애니메이션 시작 키프레임 조절(자연스러운 클립전환)

<김영규 2026-03-26>
- 카메라 절두체 컬링

<이현석 2026-03-27>
- 플레이어 조작, 카메라 조작 조절

<이현석 2026-03-28>
- 스태틱 오브젝트 서브메시별 콜라이더 생성
- 플레이어 이동 시 건물 충돌 구현

<이현석 2026-03-30>
- 쉐이더 앰비언트 계산 구현

<이현석 2026-03-31>
- NavMesh 유니티에서 추출 후 구현
- 간단한 ai 구현

<김영규 2026-03-31 ~ 04-01>
- 바운딩 캡슐 vs 바운딩 박스 연산 수정
- 바운딩 캡슐 vs 바운딩 프러스텀 연산 완성

<이현석 2026-04-02>
- 스키닝 오브젝트 본 기반 세부 스키닝 캡슐 콜라이더 구현
- 맨손 몬스터 특정 세부 콜라이더 무기화

<이현석 2026-04-02>
- 스키닝 오브젝트 본 기반 세부 스키닝 캡슐 콜라이더 구현
- 맨손 몬스터 특정 세부 콜라이더 무기화

<이현석 2026-04-04>
- 스태틱 오브젝트 특정 서브메시 콜라이더 세분화
- 원거리 공격 콜라이더/충돌 구현

<김영규 2026-04-05 ~ 07>
- 카메라 절두체 컬링 오류 수정 및 완성


<송영준 ~2026-04-06>
1. Static Object Collider 서버로 옮김
2. Capsule Collider 생성, 플레이어가 벽을 만나면 이동을 막도록 수정
3. Static Object Collider가 Sub Collider를 가지고, 충돌 처리를 계층 구조로 만든 로컬 프로젝트의 충돌 처리 로직을 서버에 이식

[앞으로 해야할 것]
1. 투사체(화살, 총알)을 발사
2. 투사체와 공격에 대한 피격, 사망 판정
3. NavMesh 데이터를 사용한 적들의 이동 알고리즘을 서버로 이식

<이현석 2026-04-06>
- 나무 구현 및 셰이더 배치구조 수정

<이현석 2026-04-08>
- 서브메시 세부 콜라이더용 큐브가 렌더되던 버그 수정

<이현석 2026-04-09>
- 서버에서 활용하기 위한 맵 전체 그리드(3*3, 1200*1200 두종류) 구현

<이현석 2026-04-11>
- 일부 UI 구현
- fmod 적용 및 오디오 매니저, 오디오 컴포넌트 등 소리 관련 기능 구현

<이현석 2026-04-13>
- 스키닝 오브젝트 뷰프러스텀 컬링되면 애니메이션 정지

<이현석 2026-04-14 ~ 2026-04-15>
- 월드 비스키닝 오브젝트 fbx 파일 LOD를 위한 레벨별 bin 추출
- LOD 구현 (월드 비스키닝 오브젝트, 하급 몬스터)

<김영규 2026-04-09 ~>
- 쉐도우 맵 준비

<송영준 ~2026-04-13>
1. 투사체 발사 구현
2. 투사체에 대한 피격 판정 구현
3. NavMesh기반 적의 위치추적 알고리즘 서버에 이식

[앞으로 해야할 것]
1. Grid 서버에 이식
2. Status 만들어서 사망 판정 구현
3. 클라 <-> 서버간 투사체, 이동 동기화 과정 보간, 최적화하기
4. 근거리 공격 시 이동 불가능 기능 구현


<송영준 2026-04-14>
1. Grid 서버에 이식

<이현석 2026-04-16>
- 로컬 플레이 몬스터 자동 배치
- 오브젝트 거리기반 컬링 구현

<이현석 2026-04-20 ~ 2026-04-22>
- 섀도우 매핑 버그 픽스(일부 기종 Device Remove) 겸 구조 변경

<이현석 2026-04-23 ~ 2026-04-26>
- 오클루전 컬링 구현

<이현석 2026-04-27 ~ 2026-04-29>
- 게임 최적화
	1. 컬링된 오브젝트의 업데이트 제어
	2. 인스턴스버터 2배 할당
	3. prepare 중복 호출 정리

<이현석 2026-04-29>
- HP, 공격(대미지), 사망 구현

<이현석 2026-04-30>
- 성 에셋 제작

<이현석 2026-05-01>
- 로컬 플레이 텔레포트 구현
- 빌보드 아이템 구현

<이현석 2026-05-03 ~ 2026-05-05>
- 공격, 이동, 구르기, 피격 시 효과음 추가
- 빌보드 알파값 처리 구현

<이현석 2026-05-07>
- 플레이어 공격 시 파티클 이펙트 추가

<송영준 2026-04-29 ~ 2026-04-30>
1. 근접 공격 피격 판정 구현
- 플레이어 → 적, 적 → 플레이어 양방향 근접 공격 피격 판정 구현
- 공격 방향과 사정거리 기반 ArcXZ 판정으로 처리

2. HP, 피격, 사망 서버 로직 구현
- 피격 시 HP 차감 및 Hit 상태 전이
- HP가 0이 되면 Die 상태로 전이

<송영준 2026-05-01 ~ 2026-05-03>
1. Dead 상태머신 완성
- 사망 이후 상태 전이 흐름 구현 완료

2. NavMesh 전체 스테이지 로드
- FullStageNavmeshAll.nvm 로드 지원

3. Castle, Tower 충돌 타입 인식 추가
- 건물 타입 테이블에 Castle, Tower 추가 및 충돌 처리 적용

4. 서버 정보 파일화
- IP/포트를 텍스트 파일로 분리해 빌드 없이 변경 가능하도록 수정

5. Static OOBB 리포트 갱신

6. 탄환 발사 시작 좌표 조정

<송영준 2026-05-04 ~ 2026-05-05>
1. 화살 발사 타이밍 조정
2. 안개 처리 서버에서도 작동하도록 수정
3. 탄환 충돌 처리 버그 수정

<송영준 2026-05-07 ~ 2026-05-08>
1. 활 이동 중 발사 허용
- 이동 상태에서도 활 발사가 가능하도록 로직 수정

2. DummyClient 개발 착수
- 부하 테스트용 클라이언트 개발 시작

3. 클라이언트 예측 이동 정확도 보정 중

<송영준 2026-05-11>
1. DummyClient 구현
- 127.0.0.1:7777에 세션 4개를 연결해 주기적 입력을 전송하는 부하 테스트 클라이언트 완성

2. IP 설정 분리로 불필요한 빌드 제거
- 서버 IP 변경 시 리빌드가 발생하지 않도록 구성 수정

<송영준 2026-05-14>
* 클라이언트 예측 이동 오차 원인 분석
- 서버 권위 위치와 클라이언트 예측 위치 사이의 오차 발생 원인 파악 중

<송영준 2026-05-15>
1. Grid id bucket 기반 broadphase 최적화
- GridStaticCell에 buildingIds 추가, 정적 충돌 후보를 FineGrid 셀 단위로 제한
  (HasCollisionWithNearbyWorldStatic / CollectStaticBuildingIdsForWorldBounds)
- MegaGridCell에 enemyIds 추가, 패킷 관심 반경 및 AI wake-up 후보를 MegaGrid 단위로 수집
  (RebuildMegaGridEnemyIds / CollectEnemyIdsInMegaGridRadius)

2. FrameState 분리
- MakeFrameState를 FrameStateAdvance()로 분리해 TickAdvance()와 독립적인 주기로 실행

3. 틱 주기 변수화 (RoomTimingConfig)
- 서버 틱/dt/간격 값을 하드코딩에서 RoomTimingConfig 구조체로 추출
- AnimClockTick / CombatClockTick 논리 클럭 분리

4. 수치 복구
- 예측 이동 관련 간극 수치 및 부활 주기를 기존 값으로 복구