<2025-12-30일>
[진행상황]
영규: 조명, 텍스쳐 완료
현석: 유니티로 Volumetric Fog 구현해봤음
영준: 네트워크 라이브러리 제작 완료

[회의내용]
- 각 스테이지를 가볍게 구현 or 구현 방법을 잘 찾아봐야 한다
-> 구현은 엔진이여도 가능하긴 하다
- 안개와 CSM은 기술요소로서 겹칠 수 없음
-> LOD, 컬링에서 찾거나, 적의 움직임에서 컨텐츠 구현의 끝까지 생각해봐야되는 내용
-> 구현은 쉽지만 적용은 어려운 것들

- 제한된 스테이지에 적을 투입하는 방법
- "군집 단위 적 제어"
- 적을 겹치지 않게 배치해주고
- 군집 단위로 목표를 정하고
- 정한 목표에 따라 군집에 속한 적들에게 목표를 정해줌
-> 목표는 고정적으로 지정해 줄 수도 있고, 행위 트리에서 사용할 수 있는 가중치로 제공도 가능하다.


[1/6일까지]
1) 영규
- Terrain, 감마보정, 
- (옵션) 컴포넌트 기초

2) 현석 
- 에셋들 여러가지 프레임워크 안에 넣고 400 * 400 월드를 그려봐라 
-> 기획서에 있는 스테이지 컨셉중 하나를 정해라 안개 빼고

- (옵션) 엔진 or 다렉에서 적이 그 월드에서 진짜로 플레이어를 쫓아오게 만들어봐라
-> 장애물을 고려하고, "눈에 보이기에" 그럴싸해보이도록

3) 영준
- 서버 프레임워크 완공하기
- (옵션) 현석이와 같다
-> 동기화는 고려할 것, 군집 단위 적 제어 위주




<2026-01-06>
[진행상황]
1) 영규
- 감마보정 완료
- Terrain 루트 시그니쳐 미구현
-> 너의 프레임워크와 샘플프로젝트간의 루트시그니쳐 방식이 차이가 있음

2) 현석
- 에셋 불러오기 완료
- 애니메이션 불러오기 일부 완료
-> 다른 에셋의 애니메이션의 적용 미구현

3) 영준
- ProtoBuf 적용 완료
- 패킷 자동화, JobQueue 미구현

[회의 내용]
대주제: 기획서를 보강할 수 있는 데모를 만들어서 기획서에 반영하자

- 선언적인 기획서에 근거가 있어야 한다
- 데모의 Terrian이 완성되지 않아서 온전한 데모는 불가능하다
- Volumetric Fog는 빼자
- 적 생성/움직임 전반을 관리하는 방법은 기술요소로서 충분히 설득력 있다
-> 클라의 기술요소가 맞나?
- 독서실 예약하자
- 기획서 제출일은 1월 16일 금요일까지 email로
- 엔진으로 데모를 만들고, 다렉의 샘플 프로젝트들을 찾아서 구현 가능성에 설득력을 부여하자
- 유니티에서 Terrain의 기본이 완성되어 있어야 한다
-> Terrian은 타일화가 되어있는 나름의 확장성 있는 구조여야 한다

<타일 기반 매핑 기법?>
- 감시탑은 어떻게 처리할거임?
- 적은 어떻게 만들고 어떻게 움직이며 
- 그 모든 과정이 짜치면 안됨
- 구현은 쉽지만 적용이 ㅈ같음

[2026-01-09까지]

<영규>
1) Cascade Shadow Map 샘플 프로젝트 찾기 or 직접 구현하기
- 어느 방향이던 CSM의 필요성을 증명할 수 있어야 한다
2) Terrain 완성하기 or 샘플 프로젝트 찾기
- 반드시 해야된다는 애매하지만 가급적이면 금요일 면담 전까지 Terrain을 구현해오는게 더 좋음


<현석>
1) 유니티에서 데모 구현하기
- 1200 * 1200을 아예 만드셈
-> 400 * 400 스테이지 여러개로 쪼개도 됨
- 중앙에 큰 성, 각 구역마다 조그만 성이 있는 구조로
-> 중앙의 성은 천장을 닫을 가능성까지 고려해보자 
-> 천장을 닫으면 CSM을 쓸 필요가 없어지기 때문에
- 플레이어는 커맨드 받아서 움직이게 하셈
- 플레이어/적은 애니메이션 적용하게 해보셈
-> 우리가 쓰기로한 에셋을 당장 구매하라는건 아님

2) AI는 선택사항인데
- 안할거면 적어도 목요일 8시까지 위까지 적용된거 만들어서 드라이브로 프로젝트 압축해서 톡에다가 올려
-> 내가 해볼거임

* 감시탑 스테이지, 표적 암살 스테이지를 최우선적으로 구현할 것
-> 이 두개가 적의 ai를 돌려볼 때 고려할 변수가 가장 많음
- 그 이후에 중앙 성, 그 이후가 다른 스테이지들

<영준>
1) 서버 완성하기(반드시)

2) 몬스터 AI 설계해보기
- A*는 필수
-> 알고리즘은 널림
-> 프로젝트 안에서 고려해야될 변수가 많음
